
Discarded input sections

 .bss           0x00000000        0x0 build/gpio.o
 .ARM.attributes
                0x00000000       0x14 build/gpio.o
 .bss           0x00000000        0x0 build/main.o
 .ARM.attributes
                0x00000000       0x14 build/main.o

Memory Configuration

Name             Origin             Length             Attributes
*default*        0x00000000         0xffffffff

Linker script and memory map

LOAD build/gpio.o
LOAD build/main.o

.init
 *(.init)

.text           0x00000000       0xbc
 *(.text)
 .text          0x00000000       0xac build/gpio.o
                0x00000000                GetGpioAddress
                0x00000008                SetGpioFunction
                0x00000058                SetGpio
 .text          0x000000ac       0x10 build/main.o

.data           0x000000bc        0x0
 *(.data)
 .data          0x000000bc        0x0 build/gpio.o
 .data          0x000000bc        0x0 build/main.o

/DISCARD/
 *(*)
OUTPUT(build/output.elf elf32-littlearm)
